00:16:25 **** Incremental Build of configuration Debug for project infra_01 ****
make -j16 all 
arm-none-eabi-gcc "../Core/Src/main.c" -mcpu=cortex-m4 -std=gnu11 -g3 -DDEBUG -DUSE_HAL_DRIVER -DSTM32F446xx -c -I../Core/Inc -I../Drivers/STM32F4xx_HAL_Driver/Inc -I../Drivers/STM32F4xx_HAL_Driver/Inc/Legacy -I../Drivers/CMSIS/Device/ST/STM32F4xx/Include -I../Drivers/CMSIS/Include -O0 -ffunction-sections -fdata-sections -Wall -fstack-usage -fcyclomatic-complexity -MMD -MP -MF"Core/Src/main.d" -MT"Core/Src/main.o" --specs=nano.specs -mfpu=fpv4-sp-d16 -mfloat-abi=hard -mthumb -o "Core/Src/main.o"
arm-none-eabi-gcc -o "infra_01.elf" @"objects.list"   -mcpu=cortex-m4 -T"C:\Users\singh\STM32CubeIDE\workspace_1.13.1\infra_01\STM32F446RETX_FLASH.ld" --specs=nosys.specs -Wl,-Map="infra_01.map" -Wl,--gc-sections -static --specs=nano.specs -mfpu=fpv4-sp-d16 -mfloat-abi=hard -mthumb -Wl,--start-group -lc -lm -Wl,--end-group
Finished building target: infra_01.elf
 
arm-none-eabi-size   infra_01.elf 
arm-none-eabi-objdump -h -S  infra_01.elf  > "infra_01.list"
   text	   data	    bss	    dec	    hex	filename
  14392	    100	   2180	  16672	   4120	infra_01.elf
Finished building: default.size.stdout
 
Finished building: infra_01.list
 

00:16:26 Build Finished. 0 errors, 0 warnings. (took 994ms)

