12:46:07 **** Incremental Build of configuration Debug for project interrupt_01 ****
make -j16 all 
arm-none-eabi-gcc "../Core/Src/gpio.c" -mcpu=cortex-m4 -std=gnu11 -g3 -DDEBUG -DUSE_HAL_DRIVER -DSTM32F446xx -c -I../Core/Inc -I../Drivers/STM32F4xx_HAL_Driver/Inc -I../Drivers/STM32F4xx_HAL_Driver/Inc/Legacy -I../Drivers/CMSIS/Device/ST/STM32F4xx/Include -I../Drivers/CMSIS/Include -O0 -ffunction-sections -fdata-sections -Wall -fstack-usage -fcyclomatic-complexity -MMD -MP -MF"Core/Src/gpio.d" -MT"Core/Src/gpio.o" --specs=nano.specs -mfpu=fpv4-sp-d16 -mfloat-abi=hard -mthumb -o "Core/Src/gpio.o"
arm-none-eabi-gcc -o "interrupt_01.elf" @"objects.list"   -mcpu=cortex-m4 -T"C:\Users\singh\STM32CubeIDE\workspace_1.13.1\interrupt_01\STM32F446RETX_FLASH.ld" --specs=nosys.specs -Wl,-Map="interrupt_01.map" -Wl,--gc-sections -static --specs=nano.specs -mfpu=fpv4-sp-d16 -mfloat-abi=hard -mthumb -Wl,--start-group -lc -lm -Wl,--end-group
Finished building target: interrupt_01.elf
 
arm-none-eabi-size   interrupt_01.elf 
arm-none-eabi-objdump -h -S  interrupt_01.elf  > "interrupt_01.list"
   text	   data	    bss	    dec	    hex	filename
   8712	     20	   1636	  10368	   2880	interrupt_01.elf
Finished building: default.size.stdout
 
Finished building: interrupt_01.list
 

12:46:09 Build Finished. 0 errors, 0 warnings. (took 1s.568ms)

