15:33:20 **** Incremental Build of configuration Debug for project output_compare_interrupt01 ****
make -j16 all 
arm-none-eabi-gcc "../Core/Src/main.c" -mcpu=cortex-m4 -std=gnu11 -g3 -DDEBUG -DUSE_HAL_DRIVER -DSTM32F446xx -c -I../Core/Inc -I../Drivers/STM32F4xx_HAL_Driver/Inc -I../Drivers/STM32F4xx_HAL_Driver/Inc/Legacy -I../Drivers/CMSIS/Device/ST/STM32F4xx/Include -I../Drivers/CMSIS/Include -O0 -ffunction-sections -fdata-sections -Wall -fstack-usage -fcyclomatic-complexity -MMD -MP -MF"Core/Src/main.d" -MT"Core/Src/main.o" --specs=nano.specs -mfpu=fpv4-sp-d16 -mfloat-abi=hard -mthumb -o "Core/Src/main.o"
arm-none-eabi-gcc -o "output_compare_interrupt01.elf" @"objects.list"   -mcpu=cortex-m4 -T"C:\Users\singh\STM32CubeIDE\workspace_1.13.1\output_compare_interrupt01\STM32F446RETX_FLASH.ld" --specs=nosys.specs -Wl,-Map="output_compare_interrupt01.map" -Wl,--gc-sections -static --specs=nano.specs -mfpu=fpv4-sp-d16 -mfloat-abi=hard -mthumb -Wl,--start-group -lc -lm -Wl,--end-group
Finished building target: output_compare_interrupt01.elf
 
arm-none-eabi-size   output_compare_interrupt01.elf 
arm-none-eabi-objdump -h -S  output_compare_interrupt01.elf  > "output_compare_interrupt01.list"
   text	   data	    bss	    dec	    hex	filename
  11840	     20	   1708	  13568	   3500	output_compare_interrupt01.elf
Finished building: default.size.stdout
 
Finished building: output_compare_interrupt01.list
 

15:33:21 Build Finished. 0 errors, 0 warnings. (took 949ms)

