14:49:20 **** Incremental Build of configuration Debug for project potentio ****
make -j16 all 
arm-none-eabi-gcc "../Core/Src/main.c" -mcpu=cortex-m4 -std=gnu11 -g3 -DDEBUG -DUSE_HAL_DRIVER -DSTM32F446xx -c -I../Core/Inc -I../Drivers/STM32F4xx_HAL_Driver/Inc -I../Drivers/STM32F4xx_HAL_Driver/Inc/Legacy -I../Drivers/CMSIS/Device/ST/STM32F4xx/Include -I../Drivers/CMSIS/Include -O0 -ffunction-sections -fdata-sections -Wall -fstack-usage -fcyclomatic-complexity -MMD -MP -MF"Core/Src/main.d" -MT"Core/Src/main.o" --specs=nano.specs -mfpu=fpv4-sp-d16 -mfloat-abi=hard -mthumb -o "Core/Src/main.o"
arm-none-eabi-gcc -o "potentio.elf" @"objects.list"   -mcpu=cortex-m4 -T"C:\Users\singh\STM32CubeIDE\workspace_1.13.1\potentio\STM32F446RETX_FLASH.ld" --specs=nosys.specs -Wl,-Map="potentio.map" -Wl,--gc-sections -static --specs=nano.specs -mfpu=fpv4-sp-d16 -mfloat-abi=hard -mthumb -Wl,--start-group -lc -lm -Wl,--end-group
Finished building target: potentio.elf
 
arm-none-eabi-size   potentio.elf 
arm-none-eabi-objdump -h -S  potentio.elf  > "potentio.list"
   text	   data	    bss	    dec	    hex	filename
  17100	    100	   2116	  19316	   4b74	potentio.elf
Finished building: default.size.stdout
 
Finished building: potentio.list
 

14:49:22 Build Finished. 0 errors, 0 warnings. (took 1s.828ms)

