16:00:33 **** Incremental Build of configuration Debug for project PWM_LED_Fading01 ****
make -j16 all 
arm-none-eabi-gcc "../Core/Src/main.c" -mcpu=cortex-m4 -std=gnu11 -g3 -DDEBUG -DUSE_HAL_DRIVER -DSTM32F446xx -c -I../Core/Inc -I../Drivers/STM32F4xx_HAL_Driver/Inc -I../Drivers/STM32F4xx_HAL_Driver/Inc/Legacy -I../Drivers/CMSIS/Device/ST/STM32F4xx/Include -I../Drivers/CMSIS/Include -O0 -ffunction-sections -fdata-sections -Wall -fstack-usage -fcyclomatic-complexity -MMD -MP -MF"Core/Src/main.d" -MT"Core/Src/main.o" --specs=nano.specs -mfpu=fpv4-sp-d16 -mfloat-abi=hard -mthumb -o "Core/Src/main.o"
arm-none-eabi-gcc -o "PWM_LED_Fading01.elf" @"objects.list"   -mcpu=cortex-m4 -T"C:\Users\singh\STM32CubeIDE\workspace_1.13.1\PWM_LED_Fading01\STM32F446RETX_FLASH.ld" --specs=nosys.specs -Wl,-Map="PWM_LED_Fading01.map" -Wl,--gc-sections -static --specs=nano.specs -mfpu=fpv4-sp-d16 -mfloat-abi=hard -mthumb -Wl,--start-group -lc -lm -Wl,--end-group
Finished building target: PWM_LED_Fading01.elf
 
arm-none-eabi-size   PWM_LED_Fading01.elf 
arm-none-eabi-objdump -h -S  PWM_LED_Fading01.elf  > "PWM_LED_Fading01.list"
   text	   data	    bss	    dec	    hex	filename
  14956	    100	   2044	  17100	   42cc	PWM_LED_Fading01.elf
Finished building: default.size.stdout
 
Finished building: PWM_LED_Fading01.list
 

16:00:34 Build Finished. 0 errors, 0 warnings. (took 1s.474ms)

