14:33:57 **** Incremental Build of configuration Debug for project servo_02 ****
make -j16 all 
arm-none-eabi-gcc "../Core/Src/main.c" -mcpu=cortex-m4 -std=gnu11 -g3 -DDEBUG -DUSE_HAL_DRIVER -DSTM32F446xx -c -I../Core/Inc -I../Drivers/STM32F4xx_HAL_Driver/Inc -I../Drivers/STM32F4xx_HAL_Driver/Inc/Legacy -I../Drivers/CMSIS/Device/ST/STM32F4xx/Include -I../Drivers/CMSIS/Include -O0 -ffunction-sections -fdata-sections -Wall -fstack-usage -fcyclomatic-complexity -MMD -MP -MF"Core/Src/main.d" -MT"Core/Src/main.o" --specs=nano.specs -mfpu=fpv4-sp-d16 -mfloat-abi=hard -mthumb -o "Core/Src/main.o"
arm-none-eabi-gcc -o "servo_02.elf" @"objects.list"   -mcpu=cortex-m4 -T"C:\Users\singh\STM32CubeIDE\workspace_1.13.1\servo_02\STM32F446RETX_FLASH.ld" --specs=nosys.specs -Wl,-Map="servo_02.map" -Wl,--gc-sections -static --specs=nano.specs -mfpu=fpv4-sp-d16 -mfloat-abi=hard -mthumb -Wl,--start-group -lc -lm -Wl,--end-group
Finished building target: servo_02.elf
 
arm-none-eabi-size   servo_02.elf 
arm-none-eabi-objdump -h -S  servo_02.elf  > "servo_02.list"
   text	   data	    bss	    dec	    hex	filename
  12284	     20	   1708	  14012	   36bc	servo_02.elf
Finished building: default.size.stdout
 
Finished building: servo_02.list
 

14:33:59 Build Finished. 0 errors, 0 warnings. (took 2s.29ms)

