11:49:58 **** Incremental Build of configuration Debug for project UART_2MC_01 ****
make -j16 all 
arm-none-eabi-gcc "../Core/Src/main.c" -mcpu=cortex-m4 -std=gnu11 -g3 -DDEBUG -DUSE_HAL_DRIVER -DSTM32F446xx -c -I../Core/Inc -I../Drivers/STM32F4xx_HAL_Driver/Inc -I../Drivers/STM32F4xx_HAL_Driver/Inc/Legacy -I../Drivers/CMSIS/Device/ST/STM32F4xx/Include -I../Drivers/CMSIS/Include -O0 -ffunction-sections -fdata-sections -Wall -fstack-usage -fcyclomatic-complexity -MMD -MP -MF"Core/Src/main.d" -MT"Core/Src/main.o" --specs=nano.specs -mfpu=fpv4-sp-d16 -mfloat-abi=hard -mthumb -o "Core/Src/main.o"
arm-none-eabi-gcc -o "UART_2MC_01.elf" @"objects.list"   -mcpu=cortex-m4 -T"C:\Users\singh\STM32CubeIDE\workspace_1.13.1\UART_2MC_01\STM32F446RETX_FLASH.ld" --specs=nosys.specs -Wl,-Map="UART_2MC_01.map" -Wl,--gc-sections -static --specs=nano.specs -mfpu=fpv4-sp-d16 -mfloat-abi=hard -mthumb -Wl,--start-group -lc -lm -Wl,--end-group
Finished building target: UART_2MC_01.elf
 
arm-none-eabi-size   UART_2MC_01.elf 
arm-none-eabi-objdump -h -S  UART_2MC_01.elf  > "UART_2MC_01.list"
   text	   data	    bss	    dec	    hex	filename
   9264	     20	   1708	  10992	   2af0	UART_2MC_01.elf
Finished building: default.size.stdout
 
Finished building: UART_2MC_01.list
 

11:49:59 Build Finished. 0 errors, 0 warnings. (took 937ms)

